
Merging program properties

Removed property 0xc0000002 to merge kernel/start.o (0x3) and kernel/kernel.o (not found)
Removed property 0xc0000002 to merge kernel/start.o (not found) and kernel/main.o (0x3)
Removed property 0xc0000002 to merge kernel/start.o (not found) and kernel/clock.o (0x3)
Removed property 0xc0000002 to merge kernel/start.o (not found) and kernel/keyboard.o (0x3)
Removed property 0xc0000002 to merge kernel/start.o (not found) and kernel/tty.o (0x3)
Removed property 0xc0000002 to merge kernel/start.o (not found) and kernel/console.o (0x3)
Removed property 0xc0000002 to merge kernel/start.o (not found) and kernel/i8259.o (0x3)
Removed property 0xc0000002 to merge kernel/start.o (not found) and kernel/global.o (0x3)
Removed property 0xc0000002 to merge kernel/start.o (not found) and kernel/protect.o (0x3)
Removed property 0xc0000002 to merge kernel/start.o (not found) and kernel/proc.o (0x3)
Removed property 0xc0000002 to merge kernel/start.o (not found) and kernel/systask.o (0x3)
Removed property 0xc0000002 to merge kernel/start.o (not found) and kernel/hd.o (0x3)
Removed property 0xc0000002 to merge kernel/start.o (not found) and game/pushBox.o (0x3)
Removed property 0xc0000002 to merge kernel/start.o (not found) and game/migong.o (0x3)
Removed property 0xc0000002 to merge kernel/start.o (not found) and game/rili.o (0x3)
Removed property 0xc0000002 to merge kernel/start.o (not found) and game/saolei.o (0x3)
Removed property 0xc0000002 to merge kernel/start.o (not found) and lib/printf.o (0x3)
Removed property 0xc0000002 to merge kernel/start.o (not found) and lib/vsprintf.o (0x3)
Removed property 0xc0000002 to merge kernel/start.o (not found) and lib/klib.o (0x3)
Removed property 0xc0000002 to merge kernel/start.o (not found) and lib/misc.o (0x3)
Removed property 0xc0000002 to merge kernel/start.o (not found) and lib/open.o (0x3)
Removed property 0xc0000002 to merge kernel/start.o (not found) and lib/read.o (0x3)
Removed property 0xc0000002 to merge kernel/start.o (not found) and lib/write.o (0x3)
Removed property 0xc0000002 to merge kernel/start.o (not found) and lib/close.o (0x3)
Removed property 0xc0000002 to merge kernel/start.o (not found) and lib/unlink.o (0x3)
Removed property 0xc0000002 to merge kernel/start.o (not found) and lib/getpid.o (0x3)
Removed property 0xc0000002 to merge kernel/start.o (not found) and lib/syslog.o (0x3)
Removed property 0xc0000002 to merge kernel/start.o (not found) and fs/main.o (0x3)
Removed property 0xc0000002 to merge kernel/start.o (not found) and fs/open.o (0x3)
Removed property 0xc0000002 to merge kernel/start.o (not found) and fs/misc.o (0x3)
Removed property 0xc0000002 to merge kernel/start.o (not found) and fs/read_write.o (0x3)
Removed property 0xc0000002 to merge kernel/start.o (not found) and fs/link.o (0x3)
Removed property 0xc0000002 to merge kernel/start.o (not found) and fs/disklog.o (0x3)

分配公共符号
公共符号            大小              文件

idt_ptr             0x6               kernel/global.o
x                   0x4               game/pushBox.o
buf3                0xa               game/saolei.o
inode_table         0xb00             kernel/global.o
task_stack          0x38000           kernel/global.o
k_reenter           0x4               kernel/global.o
gdt                 0x400             kernel/global.o
current_console     0x4               kernel/global.o
boxs                0x4               game/pushBox.o
pcaller             0x4               kernel/global.o
tty_table           0x1090            kernel/global.o
tss                 0x68              kernel/global.o
fs_msg              0x30              kernel/global.o
f_desc_table        0x300             kernel/global.o
root_inode          0x4               kernel/global.o
disp_pos            0x4               kernel/global.o
files               0x3200            kernel/main.o
mine_map            0x79              game/saolei.o
key_pressed         0x4               kernel/global.o
y                   0x4               game/pushBox.o
gdt_ptr             0x6               kernel/global.o
idt                 0x800             kernel/global.o
super_block         0x1e0             kernel/global.o
PARTITION_ENTRY     0x10              kernel/hd.o
ticks               0x4               kernel/global.o
console_table       0x50              kernel/global.o
IDLog               0x190             kernel/main.o
irq_table           0x40              kernel/global.o
p_proc_ready        0x4               kernel/global.o
show_map            0x79              game/saolei.o
proc_table          0xb28             kernel/global.o

舍弃的输入节

 .group         0x0000000000000000        0x8 kernel/start.o
 .note.GNU-stack
                0x0000000000000000        0x0 kernel/start.o
 .note.gnu.property
                0x0000000000000000       0x1c kernel/start.o
 .group         0x0000000000000000        0x8 kernel/main.o
 .group         0x0000000000000000        0x8 kernel/main.o
 .text.__x86.get_pc_thunk.bx
                0x0000000000000000        0x4 kernel/main.o
 .note.GNU-stack
                0x0000000000000000        0x0 kernel/main.o
 .note.gnu.property
                0x0000000000000000       0x1c kernel/main.o
 .group         0x0000000000000000        0x8 kernel/clock.o
 .text.__x86.get_pc_thunk.bx
                0x0000000000000000        0x4 kernel/clock.o
 .note.GNU-stack
                0x0000000000000000        0x0 kernel/clock.o
 .note.gnu.property
                0x0000000000000000       0x1c kernel/clock.o
 .group         0x0000000000000000        0x8 kernel/keyboard.o
 .text.__x86.get_pc_thunk.bx
                0x0000000000000000        0x4 kernel/keyboard.o
 .note.GNU-stack
                0x0000000000000000        0x0 kernel/keyboard.o
 .note.gnu.property
                0x0000000000000000       0x1c kernel/keyboard.o
 .group         0x0000000000000000        0x8 kernel/tty.o
 .group         0x0000000000000000        0x8 kernel/tty.o
 .text.__x86.get_pc_thunk.ax
                0x0000000000000000        0x4 kernel/tty.o
 .text.__x86.get_pc_thunk.bx
                0x0000000000000000        0x4 kernel/tty.o
 .note.GNU-stack
                0x0000000000000000        0x0 kernel/tty.o
 .note.gnu.property
                0x0000000000000000       0x1c kernel/tty.o
 .group         0x0000000000000000        0x8 kernel/console.o
 .group         0x0000000000000000        0x8 kernel/console.o
 .group         0x0000000000000000        0x8 kernel/console.o
 .group         0x0000000000000000        0x8 kernel/console.o
 .text.__x86.get_pc_thunk.ax
                0x0000000000000000        0x4 kernel/console.o
 .text.__x86.get_pc_thunk.bx
                0x0000000000000000        0x4 kernel/console.o
 .note.GNU-stack
                0x0000000000000000        0x0 kernel/console.o
 .note.gnu.property
                0x0000000000000000       0x1c kernel/console.o
 .group         0x0000000000000000        0x8 kernel/i8259.o
 .text.__x86.get_pc_thunk.bx
                0x0000000000000000        0x4 kernel/i8259.o
 .note.GNU-stack
                0x0000000000000000        0x0 kernel/i8259.o
 .note.gnu.property
                0x0000000000000000       0x1c kernel/i8259.o
 .note.GNU-stack
                0x0000000000000000        0x0 kernel/global.o
 .note.gnu.property
                0x0000000000000000       0x1c kernel/global.o
 .group         0x0000000000000000        0x8 kernel/protect.o
 .group         0x0000000000000000        0x8 kernel/protect.o
 .text.__x86.get_pc_thunk.ax
                0x0000000000000000        0x4 kernel/protect.o
 .text.__x86.get_pc_thunk.bx
                0x0000000000000000        0x4 kernel/protect.o
 .note.GNU-stack
                0x0000000000000000        0x0 kernel/protect.o
 .note.gnu.property
                0x0000000000000000       0x1c kernel/protect.o
 .group         0x0000000000000000        0x8 kernel/proc.o
 .group         0x0000000000000000        0x8 kernel/proc.o
 .group         0x0000000000000000        0x8 kernel/proc.o
 .text.__x86.get_pc_thunk.ax
                0x0000000000000000        0x4 kernel/proc.o
 .text.__x86.get_pc_thunk.dx
                0x0000000000000000        0x4 kernel/proc.o
 .text.__x86.get_pc_thunk.bx
                0x0000000000000000        0x4 kernel/proc.o
 .note.GNU-stack
                0x0000000000000000        0x0 kernel/proc.o
 .note.gnu.property
                0x0000000000000000       0x1c kernel/proc.o
 .group         0x0000000000000000        0x8 kernel/systask.o
 .text.__x86.get_pc_thunk.bx
                0x0000000000000000        0x4 kernel/systask.o
 .note.GNU-stack
                0x0000000000000000        0x0 kernel/systask.o
 .note.gnu.property
                0x0000000000000000       0x1c kernel/systask.o
 .group         0x0000000000000000        0x8 kernel/hd.o
 .group         0x0000000000000000        0x8 kernel/hd.o
 .text.__x86.get_pc_thunk.ax
                0x0000000000000000        0x4 kernel/hd.o
 .text.__x86.get_pc_thunk.bx
                0x0000000000000000        0x4 kernel/hd.o
 .note.GNU-stack
                0x0000000000000000        0x0 kernel/hd.o
 .note.gnu.property
                0x0000000000000000       0x1c kernel/hd.o
 .group         0x0000000000000000        0x8 game/pushBox.o
 .group         0x0000000000000000        0x8 game/pushBox.o
 .text.__x86.get_pc_thunk.ax
                0x0000000000000000        0x4 game/pushBox.o
 .text.__x86.get_pc_thunk.bx
                0x0000000000000000        0x4 game/pushBox.o
 .note.GNU-stack
                0x0000000000000000        0x0 game/pushBox.o
 .note.gnu.property
                0x0000000000000000       0x1c game/pushBox.o
 .group         0x0000000000000000        0x8 game/migong.o
 .text.__x86.get_pc_thunk.bx
                0x0000000000000000        0x4 game/migong.o
 .note.GNU-stack
                0x0000000000000000        0x0 game/migong.o
 .note.gnu.property
                0x0000000000000000       0x1c game/migong.o
 .group         0x0000000000000000        0x8 game/rili.o
 .text.__x86.get_pc_thunk.bx
                0x0000000000000000        0x4 game/rili.o
 .note.GNU-stack
                0x0000000000000000        0x0 game/rili.o
 .note.gnu.property
                0x0000000000000000       0x1c game/rili.o
 .group         0x0000000000000000        0x8 game/saolei.o
 .group         0x0000000000000000        0x8 game/saolei.o
 .text.__x86.get_pc_thunk.ax
                0x0000000000000000        0x4 game/saolei.o
 .text.__x86.get_pc_thunk.bx
                0x0000000000000000        0x4 game/saolei.o
 .note.GNU-stack
                0x0000000000000000        0x0 game/saolei.o
 .note.gnu.property
                0x0000000000000000       0x1c game/saolei.o
 .group         0x0000000000000000        0x8 lib/printf.o
 .text.__x86.get_pc_thunk.bx
                0x0000000000000000        0x4 lib/printf.o
 .note.GNU-stack
                0x0000000000000000        0x0 lib/printf.o
 .note.gnu.property
                0x0000000000000000       0x1c lib/printf.o
 .group         0x0000000000000000        0x8 lib/vsprintf.o
 .group         0x0000000000000000        0x8 lib/vsprintf.o
 .text.__x86.get_pc_thunk.ax
                0x0000000000000000        0x4 lib/vsprintf.o
 .text.__x86.get_pc_thunk.bx
                0x0000000000000000        0x4 lib/vsprintf.o
 .note.GNU-stack
                0x0000000000000000        0x0 lib/vsprintf.o
 .note.gnu.property
                0x0000000000000000       0x1c lib/vsprintf.o
 .group         0x0000000000000000        0x8 lib/klib.o
 .group         0x0000000000000000        0x8 lib/klib.o
 .text.__x86.get_pc_thunk.ax
                0x0000000000000000        0x4 lib/klib.o
 .text.__x86.get_pc_thunk.bx
                0x0000000000000000        0x4 lib/klib.o
 .note.GNU-stack
                0x0000000000000000        0x0 lib/klib.o
 .note.gnu.property
                0x0000000000000000       0x1c lib/klib.o
 .group         0x0000000000000000        0x8 lib/misc.o
 .group         0x0000000000000000        0x8 lib/misc.o
 .text.__x86.get_pc_thunk.ax
                0x0000000000000000        0x4 lib/misc.o
 .text.__x86.get_pc_thunk.bx
                0x0000000000000000        0x4 lib/misc.o
 .note.GNU-stack
                0x0000000000000000        0x0 lib/misc.o
 .note.gnu.property
                0x0000000000000000       0x1c lib/misc.o
 .group         0x0000000000000000        0x8 lib/open.o
 .text.__x86.get_pc_thunk.bx
                0x0000000000000000        0x4 lib/open.o
 .note.GNU-stack
                0x0000000000000000        0x0 lib/open.o
 .note.gnu.property
                0x0000000000000000       0x1c lib/open.o
 .group         0x0000000000000000        0x8 lib/read.o
 .text.__x86.get_pc_thunk.ax
                0x0000000000000000        0x4 lib/read.o
 .note.GNU-stack
                0x0000000000000000        0x0 lib/read.o
 .note.gnu.property
                0x0000000000000000       0x1c lib/read.o
 .group         0x0000000000000000        0x8 lib/write.o
 .text.__x86.get_pc_thunk.ax
                0x0000000000000000        0x4 lib/write.o
 .note.GNU-stack
                0x0000000000000000        0x0 lib/write.o
 .note.gnu.property
                0x0000000000000000       0x1c lib/write.o
 .group         0x0000000000000000        0x8 lib/close.o
 .text.__x86.get_pc_thunk.ax
                0x0000000000000000        0x4 lib/close.o
 .note.GNU-stack
                0x0000000000000000        0x0 lib/close.o
 .note.gnu.property
                0x0000000000000000       0x1c lib/close.o
 .group         0x0000000000000000        0x8 lib/unlink.o
 .text.__x86.get_pc_thunk.bx
                0x0000000000000000        0x4 lib/unlink.o
 .note.GNU-stack
                0x0000000000000000        0x0 lib/unlink.o
 .note.gnu.property
                0x0000000000000000       0x1c lib/unlink.o
 .group         0x0000000000000000        0x8 lib/getpid.o
 .text.__x86.get_pc_thunk.bx
                0x0000000000000000        0x4 lib/getpid.o
 .note.GNU-stack
                0x0000000000000000        0x0 lib/getpid.o
 .note.gnu.property
                0x0000000000000000       0x1c lib/getpid.o
 .group         0x0000000000000000        0x8 lib/syslog.o
 .text.__x86.get_pc_thunk.bx
                0x0000000000000000        0x4 lib/syslog.o
 .note.GNU-stack
                0x0000000000000000        0x0 lib/syslog.o
 .note.gnu.property
                0x0000000000000000       0x1c lib/syslog.o
 .group         0x0000000000000000        0x8 fs/main.o
 .group         0x0000000000000000        0x8 fs/main.o
 .text.__x86.get_pc_thunk.ax
                0x0000000000000000        0x4 fs/main.o
 .text.__x86.get_pc_thunk.bx
                0x0000000000000000        0x4 fs/main.o
 .note.GNU-stack
                0x0000000000000000        0x0 fs/main.o
 .note.gnu.property
                0x0000000000000000       0x1c fs/main.o
 .group         0x0000000000000000        0x8 fs/open.o
 .group         0x0000000000000000        0x8 fs/open.o
 .text.__x86.get_pc_thunk.ax
                0x0000000000000000        0x4 fs/open.o
 .text.__x86.get_pc_thunk.bx
                0x0000000000000000        0x4 fs/open.o
 .note.GNU-stack
                0x0000000000000000        0x0 fs/open.o
 .note.gnu.property
                0x0000000000000000       0x1c fs/open.o
 .group         0x0000000000000000        0x8 fs/misc.o
 .group         0x0000000000000000        0x8 fs/misc.o
 .text.__x86.get_pc_thunk.cx
                0x0000000000000000        0x4 fs/misc.o
 .text.__x86.get_pc_thunk.bx
                0x0000000000000000        0x4 fs/misc.o
 .note.GNU-stack
                0x0000000000000000        0x0 fs/misc.o
 .note.gnu.property
                0x0000000000000000       0x1c fs/misc.o
 .group         0x0000000000000000        0x8 fs/read_write.o
 .text.__x86.get_pc_thunk.bx
                0x0000000000000000        0x4 fs/read_write.o
 .note.GNU-stack
                0x0000000000000000        0x0 fs/read_write.o
 .note.gnu.property
                0x0000000000000000       0x1c fs/read_write.o
 .group         0x0000000000000000        0x8 fs/link.o
 .text.__x86.get_pc_thunk.bx
                0x0000000000000000        0x4 fs/link.o
 .note.GNU-stack
                0x0000000000000000        0x0 fs/link.o
 .note.gnu.property
                0x0000000000000000       0x1c fs/link.o
 .group         0x0000000000000000        0x8 fs/disklog.o
 .text.__x86.get_pc_thunk.bx
                0x0000000000000000        0x4 fs/disklog.o
 .note.GNU-stack
                0x0000000000000000        0x0 fs/disklog.o
 .note.gnu.property
                0x0000000000000000       0x1c fs/disklog.o

内存配置

名称           来源             长度             属性
*default*        0x0000000000000000 0xffffffffffffffff

链结器命令稿和内存映射

段 .text 的地址设置为 0x1000
LOAD kernel/kernel.o
LOAD lib/syscall.o
LOAD kernel/start.o
LOAD kernel/main.o
LOAD kernel/clock.o
LOAD kernel/keyboard.o
LOAD kernel/tty.o
LOAD kernel/console.o
LOAD kernel/i8259.o
LOAD kernel/global.o
LOAD kernel/protect.o
LOAD kernel/proc.o
LOAD kernel/systask.o
LOAD kernel/hd.o
LOAD game/pushBox.o
LOAD game/migong.o
LOAD game/rili.o
LOAD game/saolei.o
LOAD lib/printf.o
LOAD lib/vsprintf.o
LOAD lib/kliba.o
LOAD lib/klib.o
LOAD lib/string.o
LOAD lib/misc.o
LOAD lib/open.o
LOAD lib/read.o
LOAD lib/write.o
LOAD lib/close.o
LOAD lib/unlink.o
LOAD lib/getpid.o
LOAD lib/syslog.o
LOAD fs/main.o
LOAD fs/open.o
LOAD fs/misc.o
LOAD fs/read_write.o
LOAD fs/link.o
LOAD fs/disklog.o
                [!provide]                        PROVIDE (__executable_start = SEGMENT_START ("text-segment", 0x8048000))
                0x00000000080480d4                . = (SEGMENT_START ("text-segment", 0x8048000) + SIZEOF_HEADERS)

.interp
 *(.interp)

.note.gnu.build-id
 *(.note.gnu.build-id)

.hash
 *(.hash)

.gnu.hash
 *(.gnu.hash)

.dynsym
 *(.dynsym)

.dynstr
 *(.dynstr)

.gnu.version
 *(.gnu.version)

.gnu.version_d
 *(.gnu.version_d)

.gnu.version_r
 *(.gnu.version_r)

.rel.dyn        0x00000000080480d4        0x0
 *(.rel.init)
 *(.rel.text .rel.text.* .rel.gnu.linkonce.t.*)
 .rel.text      0x00000000080480d4        0x0 kernel/kernel.o
 *(.rel.fini)
 *(.rel.rodata .rel.rodata.* .rel.gnu.linkonce.r.*)
 *(.rel.data.rel.ro .rel.data.rel.ro.* .rel.gnu.linkonce.d.rel.ro.*)
 *(.rel.data .rel.data.* .rel.gnu.linkonce.d.*)
 *(.rel.tdata .rel.tdata.* .rel.gnu.linkonce.td.*)
 *(.rel.tbss .rel.tbss.* .rel.gnu.linkonce.tb.*)
 *(.rel.ctors)
 *(.rel.dtors)
 *(.rel.got)
 .rel.got       0x00000000080480d4        0x0 kernel/kernel.o
 *(.rel.bss .rel.bss.* .rel.gnu.linkonce.b.*)
 *(.rel.ifunc)

.rel.plt        0x00000000080480d4        0x0
 *(.rel.plt)
                [!provide]                        PROVIDE (__rel_iplt_start = .)
 *(.rel.iplt)
 .rel.iplt      0x00000000080480d4        0x0 kernel/kernel.o
                [!provide]                        PROVIDE (__rel_iplt_end = .)
                0x0000000008049000                . = ALIGN (CONSTANT (MAXPAGESIZE))

.init
 *(SORT_NONE(.init))

.plt            0x0000000008049000        0x0
 *(.plt)
 *(.iplt)
 .iplt          0x0000000008049000        0x0 kernel/kernel.o

.plt.got
 *(.plt.got)

.plt.sec
 *(.plt.sec)

.text           0x0000000000001000    0x1126c
 *(.text.unlikely .text.*_unlikely .text.unlikely.*)
 *(.text.exit .text.exit.*)
 *(.text.startup .text.startup.*)
 *(.text.hot .text.hot.*)
 *(SORT_BY_NAME(.text.sorted.*))
 *(.text .stub .text.* .gnu.linkonce.t.*)
 .text          0x0000000000001000      0x410 kernel/kernel.o
                0x0000000000001000                _start
                0x0000000000001040                hwint00
                0x0000000000001070                hwint01
                0x00000000000010a0                hwint02
                0x00000000000010d0                hwint03
                0x0000000000001100                hwint04
                0x0000000000001130                hwint05
                0x0000000000001160                hwint06
                0x0000000000001190                hwint07
                0x00000000000011c0                hwint08
                0x00000000000011f0                hwint09
                0x0000000000001220                hwint10
                0x0000000000001250                hwint11
                0x0000000000001280                hwint12
                0x00000000000012b0                hwint13
                0x00000000000012e0                hwint14
                0x0000000000001310                hwint15
                0x0000000000001334                divide_error
                0x000000000000133a                single_step_exception
                0x0000000000001340                nmi
                0x0000000000001346                breakpoint_exception
                0x000000000000134c                overflow
                0x0000000000001352                bounds_check
                0x0000000000001358                inval_opcode
                0x000000000000135e                copr_not_available
                0x0000000000001364                double_fault
                0x0000000000001368                copr_seg_overrun
                0x000000000000136e                inval_tss
                0x0000000000001372                segment_not_present
                0x0000000000001376                stack_exception
                0x000000000000137a                general_protection
                0x000000000000137e                page_fault
                0x0000000000001382                copr_error
                0x00000000000013cb                sys_call
                0x00000000000013eb                restart
 .text          0x0000000000001410       0x28 lib/syscall.o
                0x0000000000001410                sendrec
                0x000000000000142a                printx
 .text          0x0000000000001438       0xc7 kernel/start.o
                0x0000000000001438                cstart
 .text.__x86.get_pc_thunk.bx
                0x00000000000014ff        0x4 kernel/start.o
                0x00000000000014ff                __x86.get_pc_thunk.bx
 .text          0x0000000000001503     0x5195 kernel/main.o
                0x0000000000001503                kernel_main
                0x00000000000017bd                get_ticks
                0x0000000000001804                FSInit
                0x00000000000018f9                FSCommand
                0x0000000000001a8f                initFileBlock
                0x0000000000001b26                toString
                0x0000000000001c0a                WriteDisk
                0x0000000000002048                toInt
                0x000000000000209f                ReadDisk
                0x00000000000023c7                createFile
                0x00000000000025b3                showFile
                0x0000000000002731                searchFile
                0x00000000000027d8                returnFile
                0x0000000000002805                deleteFile
                0x0000000000002991                FSManage
                0x0000000000003422                TestA
                0x0000000000003834                TestB
                0x0000000000003863                TestC
                0x0000000000003892                panic
                0x00000000000038f0                clear
                0x000000000000397c                mystrncpy
                0x0000000000003a11                commandList
                0x0000000000003bb9                notFound
                0x0000000000003d61                moreMain
                0x000000000000465f                mathMain
                0x0000000000004aa5                bootAnimation
                0x0000000000004ad5                emptyWindow
                0x0000000000004cb6                starting
                0x0000000000005221                booting
                0x000000000000594c                Loading
                0x00000000000059b0                isempty_bucket_stack
                0x00000000000059d2                bucket_stack_push
                0x0000000000005a0f                bucket_stack_pop
                0x0000000000005a5f                bucket_stack_clear
                0x0000000000005a9b                isempty_num_stack
                0x0000000000005abd                num_stack_push
                0x0000000000005af0                num_stack_pop
                0x0000000000005b4f                num_stack_clear
                0x0000000000005b8e                isempty_op_stack
                0x0000000000005bb0                op_stack_push
                0x0000000000005bed                op_stack_pop
                0x0000000000005c4b                op_stack_top
                0x0000000000005c7f                op_stack_clear
                0x0000000000005cbb                isp
                0x0000000000005d15                icp
                0x0000000000005d6f                isOperator
                0x0000000000005dc1                isDigit
                0x0000000000005df5                isNum
                0x0000000000005e78                addTail
                0x0000000000005ecd                NextContent
                0x000000000000601e                Cal
                0x0000000000006088                showBackMode
                0x000000000000613d                calResult
                0x00000000000061ee                calculate
                0x000000000000654a                check_exp_bucket
                0x00000000000065e5                check_exp_notion
 .text.__x86.get_pc_thunk.ax
                0x0000000000006698        0x4 kernel/main.o
                0x0000000000006698                __x86.get_pc_thunk.ax
 .text          0x000000000000669c      0x1e3 kernel/clock.o
                0x000000000000669c                clock_handler
                0x00000000000067d3                milli_delay
                0x0000000000006812                init_clock
 .text          0x000000000000687f      0x7bc kernel/keyboard.o
                0x000000000000687f                keyboard_handler
                0x0000000000006908                init_keyboard
                0x00000000000069d6                keyboard_read
 .text          0x000000000000703b      0xaf0 kernel/tty.o
                0x000000000000703b                task_tty
                0x0000000000007231                in_process
                0x00000000000077c7                sys_printx
                0x0000000000007995                dump_tty_buf
 .text          0x0000000000007b2b      0x8ad kernel/console.o
                0x0000000000007b2b                init_screen
                0x0000000000007cb9                out_char
                0x0000000000007f7b                clear_screen
                0x0000000000007fc4                is_current_console
                0x0000000000007ffb                set_cursor
                0x0000000000008076                set_video_start_addr
                0x00000000000080f1                select_console
                0x0000000000008148                scroll_screen
                0x0000000000008347                flush
 .text.__x86.get_pc_thunk.dx
                0x00000000000083d8        0x4 kernel/console.o
                0x00000000000083d8                __x86.get_pc_thunk.dx
 .text.__x86.get_pc_thunk.cx
                0x00000000000083dc        0x4 kernel/console.o
                0x00000000000083dc                __x86.get_pc_thunk.cx
 .text          0x00000000000083e0      0x174 kernel/i8259.o
                0x00000000000083e0                init_8259A
                0x00000000000084cd                spurious_irq
                0x000000000000851b                put_irq_handler
 .text          0x0000000000008554        0x0 kernel/global.o
 .text          0x0000000000008554      0x6d7 kernel/protect.o
                0x0000000000008554                init_prot
                0x00000000000089f5                seg2phys
                0x0000000000008ad0                exception_handler
 .text          0x0000000000008c2b     0x1aa3 kernel/proc.o
                0x0000000000008c2b                schedule
                0x0000000000008ce4                sys_sendrec
                0x0000000000008e31                send_recv
                0x0000000000008f09                ldt_seg_linear
                0x0000000000008f61                va2la
                0x0000000000008fde                reset_msg
                0x000000000000a032                inform_int
                0x000000000000a1ef                dump_proc
                0x000000000000a599                dump_msg
 .text          0x000000000000a6ce       0x9a kernel/systask.o
                0x000000000000a6ce                task_sys
 .text          0x000000000000a768      0xfde kernel/hd.o
                0x000000000000a768                task_hd
                0x000000000000b707                hd_handler
 .text          0x000000000000b746      0x90c game/pushBox.o
                0x000000000000b746                pushBox
                0x000000000000b873                initData2
                0x000000000000b910                drawMap
                0x000000000000ba18                moveUp
                0x000000000000bbae                moveLeft
                0x000000000000bd34                moveDown
                0x000000000000becb                moveRight
 .text          0x000000000000c052      0x520 game/migong.o
                0x000000000000c052                migong
 .text          0x000000000000c572      0x3e1 game/rili.o
                0x000000000000c572                rili
 .text          0x000000000000c953      0x92c game/saolei.o
                0x000000000000c953                Init_Interface
                0x000000000000ca53                Print_Interface
                0x000000000000cb71                Around_Mine_count
                0x000000000000ccde                No_Mine
                0x000000000000cd0f                Open_Blank
                0x000000000000cf2c                Success_Sweep
                0x000000000000cfa4                StartGame
 .text          0x000000000000d27f       0xd9 lib/printf.o
                0x000000000000d27f                printf
                0x000000000000d303                printl
 .text          0x000000000000d358      0x340 lib/vsprintf.o
                0x000000000000d3cc                vsprintf
                0x000000000000d664                sprintf
 *fill*         0x000000000000d698        0x8 
 .text          0x000000000000d6a0      0x19a lib/kliba.o
                0x000000000000d6a0                disp_str
                0x000000000000d6de                disp_color_str
                0x000000000000d71d                out_byte
                0x000000000000d729                in_byte
                0x000000000000d733                port_read
                0x000000000000d746                port_write
                0x000000000000d759                disable_irq
                0x000000000000d78e                enable_irq
                0x000000000000d7ad                disable_int
                0x000000000000d7af                enable_int
                0x000000000000d7b1                glitter
 .text          0x000000000000d83a      0x3a4 lib/klib.o
                0x000000000000d83a                itoa
                0x000000000000d8f3                itoaDec
                0x000000000000da86                atoi
                0x000000000000db4e                disp_int
                0x000000000000db88                delay
 *fill*         0x000000000000dbde        0x2 
 .text          0x000000000000dbe0       0x78 lib/string.o
                0x000000000000dbe0                memcpy
                0x000000000000dc09                memset
                0x000000000000dc2a                strcpy
                0x000000000000dc42                strlen
 .text          0x000000000000dc58      0x1e8 lib/misc.o
                0x000000000000dc58                memcmp
                0x000000000000dcd8                strcmp
                0x000000000000dd55                strcat
                0x000000000000ddc2                spin
                0x000000000000ddf0                assertion_failure
 .text          0x000000000000de40       0x7c lib/open.o
                0x000000000000de40                open
 .text          0x000000000000debc       0x4b lib/read.o
                0x000000000000debc                read
 .text          0x000000000000df07       0x4b lib/write.o
                0x000000000000df07                write
 .text          0x000000000000df52       0x3f lib/close.o
                0x000000000000df52                close
 .text          0x000000000000df91       0x4f lib/unlink.o
                0x000000000000df91                unlink
 .text          0x000000000000dfe0       0x5f lib/getpid.o
                0x000000000000dfe0                getpid
 .text          0x000000000000e03f       0xec lib/syslog.o
                0x000000000000e03f                syslog
 .text          0x000000000000e12b      0xf33 fs/main.o
                0x000000000000e12b                task_fs
                0x000000000000eaa6                rw_sector
                0x000000000000ed03                get_super_block
                0x000000000000ed69                get_inode
                0x000000000000eeef                put_inode
                0x000000000000ef47                sync_inode
 .text          0x000000000000f05e      0xbdf fs/open.o
                0x000000000000f05e                do_open
                0x000000000000f52c                do_close
                0x000000000000f5a8                do_lseek
 .text          0x000000000000fc3d      0x20a fs/misc.o
                0x000000000000fc3d                search_file
                0x000000000000fdaa                strip_path
 .text          0x000000000000fe47      0x552 fs/read_write.o
                0x000000000000fe47                do_rdwt
 .text          0x0000000000010399      0x891 fs/link.o
                0x0000000000010399                do_unlink
 .text          0x0000000000010c2a     0x1642 fs/disklog.o
                0x0000000000010c2a                do_disklog
                0x0000000000010ce8                disklog
                0x0000000000011227                dump_fd_graph
 *(.gnu.warning)

.fini
 *(SORT_NONE(.fini))
                [!provide]                        PROVIDE (__etext = .)
                [!provide]                        PROVIDE (_etext = .)
                [!provide]                        PROVIDE (etext = .)
                0x0000000000013000                . = ALIGN (CONSTANT (MAXPAGESIZE))
                0x0000000000013000                . = SEGMENT_START ("rodata-segment", (ALIGN (CONSTANT (MAXPAGESIZE)) + (. & (CONSTANT (MAXPAGESIZE) - 0x1))))

.rodata         0x0000000000013000     0x5a73
 *(.rodata .rodata.* .gnu.linkonce.r.*)
 .rodata        0x0000000000013000       0x47 kernel/start.o
 *fill*         0x0000000000013047        0x1 
 .rodata        0x0000000000013048     0x3a03 kernel/main.o
 *fill*         0x0000000000016a4b        0x1 
 .rodata        0x0000000000016a4c       0x64 kernel/keyboard.o
 .rodata        0x0000000000016ab0      0x13c kernel/tty.o
 .rodata        0x0000000000016bec       0x5b kernel/console.o
 .rodata        0x0000000000016c47       0x11 kernel/i8259.o
 .rodata        0x0000000000016c58        0x4 kernel/global.o
                0x0000000000016c58                FSBUF_SIZE
 *fill*         0x0000000000016c5c        0x4 
 .rodata        0x0000000000016c60      0x540 kernel/protect.o
 .rodata        0x00000000000171a0      0x62e kernel/proc.o
 .rodata        0x00000000000177ce       0x11 kernel/systask.o
 *fill*         0x00000000000177df        0x1 
 .rodata        0x00000000000177e0      0x1a6 kernel/hd.o
 *fill*         0x0000000000017986        0x2 
 .rodata        0x0000000000017988       0x8c game/pushBox.o
 .rodata        0x0000000000017a14       0x6a game/migong.o
 *fill*         0x0000000000017a7e        0x2 
 .rodata        0x0000000000017a80      0x111 game/rili.o
 *fill*         0x0000000000017b91        0x3 
 .rodata        0x0000000000017b94      0x184 game/saolei.o
 .rodata        0x0000000000017d18       0x14 lib/printf.o
 .rodata        0x0000000000017d2c       0x61 lib/misc.o
 .rodata        0x0000000000017d8d       0x23 lib/open.o
 .rodata        0x0000000000017db0       0x25 lib/getpid.o
 .rodata        0x0000000000017dd5       0x32 lib/syslog.o
 *fill*         0x0000000000017e07        0x1 
 .rodata        0x0000000000017e08      0x206 fs/main.o
 *fill*         0x000000000001800e        0x2 
 .rodata        0x0000000000018010      0x138 fs/open.o
 .rodata        0x0000000000018148      0x164 fs/read_write.o
 .rodata        0x00000000000182ac      0x19d fs/link.o
 *fill*         0x0000000000018449        0x3 
 .rodata        0x000000000001844c      0x627 fs/disklog.o

.rodata1
 *(.rodata1)

.eh_frame_hdr
 *(.eh_frame_hdr)
 *(.eh_frame_entry .eh_frame_entry.*)

.eh_frame       0x0000000000018a74     0x1ae4
 *(.eh_frame)
 .eh_frame      0x0000000000018a74       0x50 kernel/start.o
 .eh_frame      0x0000000000018ac4      0x7d4 kernel/main.o
                                        0x800 (松开之前的大小)
 .eh_frame      0x0000000000019298       0x6c kernel/clock.o
                                         0x98 (松开之前的大小)
 .eh_frame      0x0000000000019304       0xfc kernel/keyboard.o
                                        0x128 (松开之前的大小)
 .eh_frame      0x0000000000019400      0x15c kernel/tty.o
                                        0x19c (松开之前的大小)
 .eh_frame      0x000000000001955c      0x180 kernel/console.o
                                        0x1c0 (松开之前的大小)
 .eh_frame      0x00000000000196dc       0x6c kernel/i8259.o
                                         0x98 (松开之前的大小)
 .eh_frame      0x0000000000019748       0xb8 kernel/protect.o
                                         0xf8 (松开之前的大小)
 .eh_frame      0x0000000000019800      0x20c kernel/proc.o
                                        0x260 (松开之前的大小)
 .eh_frame      0x0000000000019a0c       0x1c kernel/systask.o
                                         0x48 (松开之前的大小)
 .eh_frame      0x0000000000019a28      0x22c kernel/hd.o
                                        0x26c (松开之前的大小)
 .eh_frame      0x0000000000019c54       0xe8 game/pushBox.o
                                        0x128 (松开之前的大小)
 .eh_frame      0x0000000000019d3c       0x30 game/migong.o
                                         0x5c (松开之前的大小)
 .eh_frame      0x0000000000019d6c       0x2c game/rili.o
                                         0x58 (松开之前的大小)
 .eh_frame      0x0000000000019d98      0x108 game/saolei.o
                                        0x148 (松开之前的大小)
 .eh_frame      0x0000000000019ea0       0x48 lib/printf.o
                                         0x74 (松开之前的大小)
 .eh_frame      0x0000000000019ee8       0x68 lib/vsprintf.o
                                         0xa8 (松开之前的大小)
 .eh_frame      0x0000000000019f50       0xac lib/klib.o
                                         0xec (松开之前的大小)
 .eh_frame      0x0000000000019ffc       0xa0 lib/misc.o
                                         0xe0 (松开之前的大小)
 .eh_frame      0x000000000001a09c       0x24 lib/open.o
                                         0x50 (松开之前的大小)
 .eh_frame      0x000000000001a0c0       0x24 lib/read.o
                                         0x50 (松开之前的大小)
 .eh_frame      0x000000000001a0e4       0x24 lib/write.o
                                         0x50 (松开之前的大小)
 .eh_frame      0x000000000001a108       0x24 lib/close.o
                                         0x50 (松开之前的大小)
 .eh_frame      0x000000000001a12c       0x24 lib/unlink.o
                                         0x50 (松开之前的大小)
 .eh_frame      0x000000000001a150       0x24 lib/getpid.o
                                         0x50 (松开之前的大小)
 .eh_frame      0x000000000001a174       0x24 lib/syslog.o
                                         0x50 (松开之前的大小)
 .eh_frame      0x000000000001a198      0x150 fs/main.o
                                        0x190 (松开之前的大小)
 .eh_frame      0x000000000001a2e8      0x13c fs/open.o
                                        0x17c (松开之前的大小)
 .eh_frame      0x000000000001a424       0x50 fs/misc.o
                                         0x90 (松开之前的大小)
 .eh_frame      0x000000000001a474       0x30 fs/read_write.o
                                         0x5c (松开之前的大小)
 .eh_frame      0x000000000001a4a4       0x30 fs/link.o
                                         0x5c (松开之前的大小)
 .eh_frame      0x000000000001a4d4       0x84 fs/disklog.o
                                         0xb0 (松开之前的大小)
 *(.eh_frame.*)

.gcc_except_table
 *(.gcc_except_table .gcc_except_table.*)

.gnu_extab
 *(.gnu_extab*)

.exception_ranges
 *(.exception_ranges*)
                0x000000000001c000                . = DATA_SEGMENT_ALIGN (CONSTANT (MAXPAGESIZE), CONSTANT (COMMONPAGESIZE))

.eh_frame
 *(.eh_frame)
 *(.eh_frame.*)

.gnu_extab
 *(.gnu_extab)

.gcc_except_table
 *(.gcc_except_table .gcc_except_table.*)

.exception_ranges
 *(.exception_ranges*)

.tdata          0x000000000001c000        0x0
                [!provide]                        PROVIDE (__tdata_start = .)
 *(.tdata .tdata.* .gnu.linkonce.td.*)

.tbss
 *(.tbss .tbss.* .gnu.linkonce.tb.*)
 *(.tcommon)

.preinit_array  0x000000000001c000        0x0
                [!provide]                        PROVIDE (__preinit_array_start = .)
 *(.preinit_array)
                [!provide]                        PROVIDE (__preinit_array_end = .)

.init_array     0x000000000001c000        0x0
                [!provide]                        PROVIDE (__init_array_start = .)
 *(SORT_BY_INIT_PRIORITY(.init_array.*) SORT_BY_INIT_PRIORITY(.ctors.*))
 *(.init_array EXCLUDE_FILE(*crtend?.o *crtend.o *crtbegin?.o *crtbegin.o) .ctors)
                [!provide]                        PROVIDE (__init_array_end = .)

.fini_array     0x000000000001c000        0x0
                [!provide]                        PROVIDE (__fini_array_start = .)
 *(SORT_BY_INIT_PRIORITY(.fini_array.*) SORT_BY_INIT_PRIORITY(.dtors.*))
 *(.fini_array EXCLUDE_FILE(*crtend?.o *crtend.o *crtbegin?.o *crtbegin.o) .dtors)
                [!provide]                        PROVIDE (__fini_array_end = .)

.ctors
 *crtbegin.o(.ctors)
 *crtbegin?.o(.ctors)
 *(EXCLUDE_FILE(*crtend?.o *crtend.o) .ctors)
 *(SORT_BY_NAME(.ctors.*))
 *(.ctors)

.dtors
 *crtbegin.o(.dtors)
 *crtbegin?.o(.dtors)
 *(EXCLUDE_FILE(*crtend?.o *crtend.o) .dtors)
 *(SORT_BY_NAME(.dtors.*))
 *(.dtors)

.jcr
 *(.jcr)

.data.rel.ro
 *(.data.rel.ro.local* .gnu.linkonce.d.rel.ro.local.*)
 *(.data.rel.ro .data.rel.ro.* .gnu.linkonce.d.rel.ro.*)

.dynamic
 *(.dynamic)

.got            0x000000000001c000        0x0
 *(.got)
 .got           0x000000000001c000        0x0 kernel/kernel.o
 *(.igot)
                0x000000000001cff4                . = DATA_SEGMENT_RELRO_END (., (SIZEOF (.got.plt) >= 0xc)?0xc:0x0)

.got.plt        0x000000000001c000        0xc
 *(.got.plt)
 .got.plt       0x000000000001c000        0xc kernel/kernel.o
                0x000000000001c000                _GLOBAL_OFFSET_TABLE_
 *(.igot.plt)
 .igot.plt      0x000000000001c00c        0x0 kernel/kernel.o

.data           0x000000000001c020      0x8cd
 *(.data .data.* .gnu.linkonce.d.*)
 .data          0x000000000001c020        0x2 kernel/kernel.o
 .data          0x000000000001c022        0x0 kernel/start.o
 *fill*         0x000000000001c022        0x2 
 .data          0x000000000001c024        0xc kernel/main.o
                0x000000000001c024                bucket_stack_index
                0x000000000001c028                num_stack_index
                0x000000000001c02c                op_stack_index
 .data          0x000000000001c030        0x0 kernel/clock.o
 *fill*         0x000000000001c030       0x10 
 .data          0x000000000001c040      0x600 kernel/keyboard.o
                0x000000000001c040                keymap
 .data          0x000000000001c640       0x22 kernel/tty.o
 .data          0x000000000001c662        0x0 kernel/console.o
 .data          0x000000000001c662        0x0 kernel/i8259.o
 *fill*         0x000000000001c662        0x2 
 .data          0x000000000001c664       0x1c kernel/global.o
                0x000000000001c664                dd_map
                0x000000000001c67c                fsbuf
 .data.rel      0x000000000001c680      0x124 kernel/global.o
                0x000000000001c680                task_table
                0x000000000001c720                user_proc_table
                0x000000000001c798                sys_call_table
 .data          0x000000000001c7a4        0x0 kernel/protect.o
 .data          0x000000000001c7a4        0x0 kernel/proc.o
 .data          0x000000000001c7a4        0x0 kernel/systask.o
 .data          0x000000000001c7a4        0x0 kernel/hd.o
 *fill*         0x000000000001c7a4       0x1c 
 .data          0x000000000001c7c0      0x100 game/pushBox.o
                0x000000000001c7c0                map
 .data          0x000000000001c8c0       0x2d game/migong.o
                0x000000000001c8c0                map2
                0x000000000001c8e4                currentX
                0x000000000001c8e8                currentY
                0x000000000001c8ec                street
 .data          0x000000000001c8ed        0x0 game/rili.o
 .data          0x000000000001c8ed        0x0 game/saolei.o
 .data          0x000000000001c8ed        0x0 lib/printf.o
 .data          0x000000000001c8ed        0x0 lib/vsprintf.o
 .data          0x000000000001c8ed        0x0 lib/klib.o
 .data          0x000000000001c8ed        0x0 lib/misc.o
 .data          0x000000000001c8ed        0x0 lib/open.o
 .data          0x000000000001c8ed        0x0 lib/read.o
 .data          0x000000000001c8ed        0x0 lib/write.o
 .data          0x000000000001c8ed        0x0 lib/close.o
 .data          0x000000000001c8ed        0x0 lib/unlink.o
 .data          0x000000000001c8ed        0x0 lib/getpid.o
 .data          0x000000000001c8ed        0x0 lib/syslog.o
 .data          0x000000000001c8ed        0x0 fs/main.o
 .data          0x000000000001c8ed        0x0 fs/open.o
 .data          0x000000000001c8ed        0x0 fs/misc.o
 .data          0x000000000001c8ed        0x0 fs/read_write.o
 .data          0x000000000001c8ed        0x0 fs/link.o
 .data          0x000000000001c8ed        0x0 fs/disklog.o

.data1
 *(.data1)
                0x000000000001c8ed                _edata = .
                [!provide]                        PROVIDE (edata = .)
                0x000000000001c8ed                . = .
                0x000000000001c8ed                __bss_start = .

.bss            0x000000000001c900    0x4027c
 *(.dynbss)
 *(.bss .bss.* .gnu.linkonce.b.*)
 .bss           0x000000000001c900      0x800 kernel/kernel.o
 .bss           0x000000000001d100        0x0 kernel/start.o
 .bss           0x000000000001d100      0x2a8 kernel/main.o
                0x000000000001d100                fileIDCount
                0x000000000001d104                currentFileID
                0x000000000001d120                bucket_stack
                0x000000000001d1a0                num_stack
                0x000000000001d340                op_stack
                0x000000000001d3a4                _current
 .bss           0x000000000001d3a8        0x0 kernel/clock.o
 *fill*         0x000000000001d3a8       0x18 
 .bss           0x000000000001d3c0       0x58 kernel/keyboard.o
 .bss           0x000000000001d418        0x0 kernel/tty.o
 .bss           0x000000000001d418        0x0 kernel/console.o
 .bss           0x000000000001d418        0x0 kernel/i8259.o
 .bss           0x000000000001d418        0x0 kernel/global.o
 .bss           0x000000000001d418        0x0 kernel/protect.o
 .bss           0x000000000001d418        0x0 kernel/proc.o
 .bss           0x000000000001d418        0x0 kernel/systask.o
 *fill*         0x000000000001d418        0x8 
 .bss           0x000000000001d420      0x64c kernel/hd.o
 .bss           0x000000000001da6c        0xa game/pushBox.o
                0x000000000001da6c                buf
 *fill*         0x000000000001da76        0x2 
 .bss           0x000000000001da78        0xa game/migong.o
                0x000000000001da78                buf2
 .bss           0x000000000001da82        0x0 game/rili.o
 .bss           0x000000000001da82        0x0 game/saolei.o
 .bss           0x000000000001da82        0x0 lib/printf.o
 .bss           0x000000000001da82        0x0 lib/vsprintf.o
 .bss           0x000000000001da82        0x0 lib/klib.o
 .bss           0x000000000001da82        0x0 lib/misc.o
 .bss           0x000000000001da82        0x0 lib/open.o
 .bss           0x000000000001da82        0x0 lib/read.o
 .bss           0x000000000001da82        0x0 lib/write.o
 .bss           0x000000000001da82        0x0 lib/close.o
 .bss           0x000000000001da82        0x0 lib/unlink.o
 .bss           0x000000000001da82        0x0 lib/getpid.o
 .bss           0x000000000001da82        0x0 lib/syslog.o
 .bss           0x000000000001da82        0x0 fs/main.o
 .bss           0x000000000001da82        0x0 fs/open.o
 .bss           0x000000000001da82        0x0 fs/misc.o
 .bss           0x000000000001da82        0x0 fs/read_write.o
 .bss           0x000000000001da82        0x0 fs/link.o
 *fill*         0x000000000001da82       0x1e 
 .bss           0x000000000001daa0      0x208 fs/disklog.o
 *(COMMON)
 *fill*         0x000000000001dca8       0x18 
 COMMON         0x000000000001dcc0     0x3390 kernel/main.o
                0x000000000001dcc0                files
                0x0000000000020ec0                IDLog
 *fill*         0x0000000000021050       0x10 
 COMMON         0x0000000000021060    0x3b9c8 kernel/global.o
                0x0000000000021060                idt_ptr
                0x0000000000021080                inode_table
                0x0000000000021b80                task_stack
                0x0000000000059b80                k_reenter
                0x0000000000059ba0                gdt
                0x0000000000059fa0                current_console
                0x0000000000059fa4                pcaller
                0x0000000000059fc0                tty_table
                0x000000000005b060                tss
                0x000000000005b0e0                fs_msg
                0x000000000005b120                f_desc_table
                0x000000000005b420                root_inode
                0x000000000005b424                disp_pos
                0x000000000005b428                key_pressed
                0x000000000005b42c                gdt_ptr
                0x000000000005b440                idt
                0x000000000005bc40                super_block
                0x000000000005be20                ticks
                0x000000000005be40                console_table
                0x000000000005bea0                irq_table
                0x000000000005bee0                p_proc_ready
                0x000000000005bf00                proc_table
 COMMON         0x000000000005ca28       0x10 kernel/hd.o
                0x000000000005ca28                PARTITION_ENTRY
 COMMON         0x000000000005ca38        0xc game/pushBox.o
                0x000000000005ca38                x
                0x000000000005ca3c                boxs
                0x000000000005ca40                y
 *fill*         0x000000000005ca44       0x1c 
 COMMON         0x000000000005ca60      0x119 game/saolei.o
                0x000000000005ca60                buf3
                0x000000000005ca80                mine_map
                0x000000000005cb00                show_map
                0x000000000005cb7c                . = ALIGN ((. != 0x0)?0x4:0x1)
 *fill*         0x000000000005cb79        0x3 
                0x000000000005cb7c                . = ALIGN (0x4)
                0x000000000005cb7c                . = SEGMENT_START ("ldata-segment", .)
                0x000000000005cb7c                . = ALIGN (0x4)
                0x000000000005cb7c                _end = .
                [!provide]                        PROVIDE (end = .)
                0x000000000005cb7c                . = DATA_SEGMENT_END (.)

.stab
 *(.stab)

.stabstr
 *(.stabstr)

.stab.excl
 *(.stab.excl)

.stab.exclstr
 *(.stab.exclstr)

.stab.index
 *(.stab.index)

.stab.indexstr
 *(.stab.indexstr)

.comment        0x0000000000000000       0x24
 *(.comment)
 .comment       0x0000000000000000       0x24 kernel/start.o
                                         0x25 (松开之前的大小)
 .comment       0x0000000000000024       0x25 kernel/main.o
 .comment       0x0000000000000024       0x25 kernel/clock.o
 .comment       0x0000000000000024       0x25 kernel/keyboard.o
 .comment       0x0000000000000024       0x25 kernel/tty.o
 .comment       0x0000000000000024       0x25 kernel/console.o
 .comment       0x0000000000000024       0x25 kernel/i8259.o
 .comment       0x0000000000000024       0x25 kernel/global.o
 .comment       0x0000000000000024       0x25 kernel/protect.o
 .comment       0x0000000000000024       0x25 kernel/proc.o
 .comment       0x0000000000000024       0x25 kernel/systask.o
 .comment       0x0000000000000024       0x25 kernel/hd.o
 .comment       0x0000000000000024       0x25 game/pushBox.o
 .comment       0x0000000000000024       0x25 game/migong.o
 .comment       0x0000000000000024       0x25 game/rili.o
 .comment       0x0000000000000024       0x25 game/saolei.o
 .comment       0x0000000000000024       0x25 lib/printf.o
 .comment       0x0000000000000024       0x25 lib/vsprintf.o
 .comment       0x0000000000000024       0x25 lib/klib.o
 .comment       0x0000000000000024       0x25 lib/misc.o
 .comment       0x0000000000000024       0x25 lib/open.o
 .comment       0x0000000000000024       0x25 lib/read.o
 .comment       0x0000000000000024       0x25 lib/write.o
 .comment       0x0000000000000024       0x25 lib/close.o
 .comment       0x0000000000000024       0x25 lib/unlink.o
 .comment       0x0000000000000024       0x25 lib/getpid.o
 .comment       0x0000000000000024       0x25 lib/syslog.o
 .comment       0x0000000000000024       0x25 fs/main.o
 .comment       0x0000000000000024       0x25 fs/open.o
 .comment       0x0000000000000024       0x25 fs/misc.o
 .comment       0x0000000000000024       0x25 fs/read_write.o
 .comment       0x0000000000000024       0x25 fs/link.o
 .comment       0x0000000000000024       0x25 fs/disklog.o

.gnu.build.attributes
 *(.gnu.build.attributes .gnu.build.attributes.*)

.debug
 *(.debug)

.line
 *(.line)

.debug_srcinfo
 *(.debug_srcinfo)

.debug_sfnames
 *(.debug_sfnames)

.debug_aranges
 *(.debug_aranges)

.debug_pubnames
 *(.debug_pubnames)

.debug_info
 *(.debug_info .gnu.linkonce.wi.*)

.debug_abbrev
 *(.debug_abbrev)

.debug_line
 *(.debug_line .debug_line.* .debug_line_end)

.debug_frame
 *(.debug_frame)

.debug_str
 *(.debug_str)

.debug_loc
 *(.debug_loc)

.debug_macinfo
 *(.debug_macinfo)

.debug_weaknames
 *(.debug_weaknames)

.debug_funcnames
 *(.debug_funcnames)

.debug_typenames
 *(.debug_typenames)

.debug_varnames
 *(.debug_varnames)

.debug_pubtypes
 *(.debug_pubtypes)

.debug_ranges
 *(.debug_ranges)

.debug_macro
 *(.debug_macro)

.debug_addr
 *(.debug_addr)

.gnu.attributes
 *(.gnu.attributes)

/DISCARD/
 *(.note.GNU-stack)
 *(.gnu_debuglink)
 *(.gnu.lto_*)
OUTPUT(kernel.bin elf32-i386)
